   Compiling compute-state v0.1.0 (/home/user/compute/crates/compute-state)
   Compiling compute-state-memory v0.1.0 (/home/user/compute/crates/compute-state-memory)
   Compiling compute-state-feltdb v0.1.0 (/home/user/compute/crates/compute-state-feltdb)
    Finished `test` profile [unoptimized] target(s) in 5.21s
     Running unittests src/lib.rs (target/debug/deps/compute_state_feltdb-ebd4e042c85b8b97)

running 0 tests

test result: ok. 0 passed; 0 failed; 0 ignored; 0 measured; 0 filtered out; finished in 0.00s

     Running tests/consumer.rs (target/debug/deps/consumer-a1a080ec41718a60)

running 6 tests
test a_feltdb_backup_restores_compute_state_exactly ... ok
test a_newer_model_is_never_downgraded ... ok
test an_outage_is_unavailability_and_recovery_is_automatic ... ok
test snapshots_are_authorized_by_the_authority ... ok
test targeted_reads_are_indexed_and_bounded ... ok
test the_upgrade_backs_up_migrates_and_verifies ... ok

test result: ok. 6 passed; 0 failed; 0 ignored; 0 measured; 2 filtered out; finished in 3.03s

     Running tests/feltdb.rs (target/debug/deps/feltdb-fa5c8b969d7d251f)

running 4 tests
test a_replayed_transaction_id_applies_once ... ok
test an_older_compute_model_is_upgraded_in_place ... ok
test compute_speaks_to_feltdb_over_verified_https ... ok
test feltdb_is_a_conforming_durable_authority ... ok

test result: ok. 4 passed; 0 failed; 0 ignored; 0 measured; 0 filtered out; finished in 2.50s

     Running tests/model.rs (target/debug/deps/model-aeb499ef44b0aba8)

running 2 tests
test documents_match_the_declared_fields ... ok
test every_collection_is_in_the_model ... ok

test result: ok. 2 passed; 0 failed; 0 ignored; 0 measured; 0 filtered out; finished in 0.04s

   Doc-tests compute_state_feltdb

running 0 tests

test result: ok. 0 passed; 0 failed; 0 ignored; 0 measured; 0 filtered out; finished in 0.00s

